[
  {
    "nodeAddress": {
      "addr": "18.130.216.242",
      "port": 3000,
      "valency": 1
    },
    "nodeId": 0,
    "producers": [
      {
        "addr": "3.10.235.25",
        "port": 3000,
        "valency": 1
      }
    ]
  }
]
