[
  {
    "nodeId": 0,
    "producers": [
      {
        "addr": "3.10.235.25",
        "port": 3000,
        "valency": 1
      }
    ]
  }
]
